******************************************************************************
                  TI ARM Linker Unix v18.12.4                  
******************************************************************************
>> Linked Thu Feb 27 02:30:59 2020

OUTPUT FILE NAME:   <hello.out>
ENTRY POINT SYMBOL: "_c_int00_noinit_noargs"  address: 0000064d


MEMORY CONFIGURATION

         name            origin    length      used     unused   attr    fill
----------------------  --------  ---------  --------  --------  ----  --------
  FLASH                 00000000   00040000  000006e6  0003f91a  R  X
  SRAM                  20000000   00008000  00000200  00007e00  RW X


SEGMENT ALLOCATION MAP

run origin  load origin   length   init length attrs members
----------  ----------- ---------- ----------- ----- -------
00000000    00000000    000006e6   000006e6    r-x
  00000000    00000000    0000026c   0000026c    r-- .intvecs
  0000026c    0000026c    0000047a   0000047a    r-x .text
20000000    20000000    00000200   00000000    rw-
  20000000    20000000    00000200   00000000    rw- .stack


SECTION ALLOCATION MAP

 output                                  attributes/
section   page    origin      length       input sections
--------  ----  ----------  ----------   ----------------
.intvecs   0    00000000    0000026c     
                  00000000    0000026c     tm4c123gh6pm_startup_ccs.obj (.intvecs)

.text      0    0000026c    0000047a     
                  0000026c    00000184     DutyCycleBlinky.obj (.text)
                  000003f0    00000132     driverlib.lib : gpio.obj (.text:GPIOPadConfigSet)
                  00000522    00000002     --HOLE-- [fill = 0]
                  00000524    000000f4                   : sysctl.obj (.text:SysCtlClockSet)
                  00000618    00000034                   : sysctl.obj (.text:SysCtlPeripheralEnable)
                  0000064c    0000002c     rtsv7M4_T_le_v4SPD16_eabi.lib : boot_cortex_m.c.obj (.text:_c_int00_noinit_noargs:_c_int00_noinit_noargs)
                  00000678    0000002a     driverlib.lib : gpio.obj (.text:GPIODirModeSet)
                  000006a2    00000024     delay.obj (.text)
                  000006c6    0000000c     tm4c123gh6pm_startup_ccs.obj (.text)
                  000006d2    00000006     driverlib.lib : gpio.obj (.text:GPIOPinWrite)
                  000006d8    00000006                   : sysctl.obj (.text:SysCtlDelay)
                  000006de    00000004     rtsv7M4_T_le_v4SPD16_eabi.lib : pre_init.c.obj (.text:_system_pre_init)
                  000006e2    00000004                                   : exit.c.obj (.text:abort:abort)

.cinit     0    00000000    00000000     UNINITIALIZED

.init_array 
*          0    00000000    00000000     UNINITIALIZED

.stack     0    20000000    00000200     UNINITIALIZED
                  20000000    00000004     rtsv7M4_T_le_v4SPD16_eabi.lib : boot_cortex_m.c.obj (.stack)
                  20000004    000001fc     --HOLE--

MODULE SUMMARY

       Module                         code   ro data   rw data
       ------                         ----   -------   -------
    ./
       tm4c123gh6pm_startup_ccs.obj   12     620       0      
    +--+------------------------------+------+---------+---------+
       Total:                         12     620       0      
                                                              
    ./src/
       DutyCycleBlinky.obj            388    0         0      
       delay.obj                      36     0         0      
    +--+------------------------------+------+---------+---------+
       Total:                         424    0         0      
                                                              
    /home/jonathan/ti/ccs930/ccs/tools/compiler/ti-cgt-arm_18.12.4.LTS/lib/rtsv7M4_T_le_v4SPD16_eabi.lib
       boot_cortex_m.c.obj            44     0         0      
       exit.c.obj                     4      0         0      
       pre_init.c.obj                 4      0         0      
    +--+------------------------------+------+---------+---------+
       Total:                         52     0         0      
                                                              
    /home/jonathan/ti/tivaware_c_series_2_1_4_178/driverlib/ccs/Debug/driverlib.lib
       gpio.obj                       354    0         0      
       sysctl.obj                     302    0         0      
    +--+------------------------------+------+---------+---------+
       Total:                         656    0         0      
                                                              
       Stack:                         0      0         512    
    +--+------------------------------+------+---------+---------+
       Grand Total:                   1144   620       512    


GLOBAL SYMBOLS: SORTED ALPHABETICALLY BY Name 

address   name                  
-------   ----                  
000006e3  C$$EXIT               
00000679  GPIODirModeSet        
000003f1  GPIOPadConfigSet      
000006d3  GPIOPinWrite          
000006c7  ResetISR              
00000525  SysCtlClockSet        
000006d9  SysCtlDelay           
00000619  SysCtlPeripheralEnable
20000200  __STACK_END           
00000200  __STACK_SIZE          
20000200  __STACK_TOP           
ffffffff  __TI_pprof_out_hndl   
ffffffff  __TI_prof_data_size   
ffffffff  __TI_prof_data_start  
00000000  __TI_static_base__    
ffffffff  __binit__             
ffffffff  __c_args__            
UNDEFED   __mpu_init            
20000000  __stack               
0000064d  _c_int00_noinit_noargs
000006df  _system_pre_init      
000006e3  abort                 
ffffffff  binit                 
000006b5  delayMicro            
000006a3  delayMilli            
00000325  dutyCycle_20          
00000000  g_pfnVectors          
0000026d  initTivo              
00000349  main                  


GLOBAL SYMBOLS: SORTED BY Symbol Address 

address   name                  
-------   ----                  
00000000  __TI_static_base__    
00000000  g_pfnVectors          
00000200  __STACK_SIZE          
0000026d  initTivo              
00000325  dutyCycle_20          
00000349  main                  
000003f1  GPIOPadConfigSet      
00000525  SysCtlClockSet        
00000619  SysCtlPeripheralEnable
0000064d  _c_int00_noinit_noargs
00000679  GPIODirModeSet        
000006a3  delayMilli            
000006b5  delayMicro            
000006c7  ResetISR              
000006d3  GPIOPinWrite          
000006d9  SysCtlDelay           
000006df  _system_pre_init      
000006e3  C$$EXIT               
000006e3  abort                 
20000000  __stack               
20000200  __STACK_END           
20000200  __STACK_TOP           
ffffffff  __TI_pprof_out_hndl   
ffffffff  __TI_prof_data_size   
ffffffff  __TI_prof_data_start  
ffffffff  __binit__             
ffffffff  __c_args__            
ffffffff  binit                 
UNDEFED   __mpu_init            

[29 symbols]
