******************************************************************************
                  TI ARM Linker PC v18.12.4                    
******************************************************************************
>> Linked Tue May 12 00:12:50 2020

OUTPUT FILE NAME:   <Lab_2.out>
ENTRY POINT SYMBOL: "_c_int00_noargs"  address: 00002ab1


MEMORY CONFIGURATION

         name            origin    length      used     unused   attr    fill
----------------------  --------  ---------  --------  --------  ----  --------
  FLASH                 00000000   00040000  0000315e  0003cea2  R  X
  SRAM                  20000000   00008000  000008d7  00007729  RW X


SEGMENT ALLOCATION MAP

run origin  load origin   length   init length attrs members
----------  ----------- ---------- ----------- ----- -------
00000000    00000000    00003160   00003160    r-x
  00000000    00000000    0000026c   0000026c    r-- .intvecs
  0000026c    0000026c    00002a16   00002a16    r-x .text
  00002c84    00002c84    0000049c   0000049c    r-- .const
  00003120    00003120    00000040   00000040    r-- .cinit
20000000    20000000    000008dd   00000000    rw-
  20000000    20000000    0000026c   00000000    rw- .vtable
  2000026c    2000026c    00000366   00000000    rw- .bss
  200005d8    200005d8    00000200   00000000    rw- .stack
  200007d8    200007d8    00000100   00000000    rw- .sysmem
  200008d8    200008d8    00000005   00000000    rw- .data


SECTION ALLOCATION MAP

 output                                  attributes/
section   page    origin      length       input sections
--------  ----  ----------  ----------   ----------------
.intvecs   0    00000000    0000026c     
                  00000000    0000026c     tm4c123gh6pm_startup_ccs.obj (.intvecs)

.text      0    0000026c    00002a16     
                  0000026c    00000c84     ustdlib.obj (.text)
                  00000ef0    00000950     OrbitOledGrph.obj (.text)
                  00001840    0000037c     OrbitOled.obj (.text)
                  00001bbc    00000220     buttons4.obj (.text)
                  00001ddc    00000204     OrbitOledChar.obj (.text)
                  00001fe0    00000150     display.obj (.text)
                  00002130    00000148     uartDemo.obj (.text)
                  00002278    00000132     driverlib.lib : gpio.obj (.text:GPIOPadConfigSet)
                  000023aa    00000002     rtsv7M4_T_le_v4SPD16_eabi.lib : div0.asm.obj (.text)
                  000023ac    00000110     driverlib.lib : sysctl.obj (.text:SysCtlClockGet)
                  000024bc    000000f4                   : sysctl.obj (.text:SysCtlClockSet)
                  000025b0    000000c8     UART.obj (.text)
                  00002678    0000009c     rtsv7M4_T_le_v4SPD16_eabi.lib : memcpy_t2.asm.obj (.text)
                  00002714    0000007a                                   : memset_t2.asm.obj (.text)
                  0000278e    00000068                                   : copy_decompress_lzss.c.obj (.text:decompress:lzss:__TI_decompress_lzss)
                  000027f6    00000002     --HOLE-- [fill = 0]
                  000027f8    00000060     driverlib.lib : timer.obj (.text:TimerConfigure)
                  00002858    0000005c     delay.obj (.text)
                  000028b4    00000048     driverlib.lib : gpio.obj (.text:GPIOPinConfigure)
                  000028fc    00000046                   : uart.obj (.text:UARTConfigSetExpClk)
                  00002942    00000002     --HOLE-- [fill = 0]
                  00002944    00000044     OrbitOLEDInterface.obj (.text)
                  00002988    00000044     rtsv7M4_T_le_v4SPD16_eabi.lib : autoinit.c.obj (.text:__TI_auto_init_nobinit_nopinit:__TI_auto_init_nobinit_nopinit)
                  000029cc    00000040                                   : u_divt2.asm.obj (.text)
                  00002a0c    0000003c     driverlib.lib : ssi.obj (.text:SSIConfigSetExpClk)
                  00002a48    00000034                   : interrupt.obj (.text:IntRegister)
                  00002a7c    00000034                   : sysctl.obj (.text:SysCtlPeripheralEnable)
                  00002ab0    00000034     rtsv7M4_T_le_v4SPD16_eabi.lib : boot_cortex_m.c.obj (.text:_c_int00_noargs:_c_int00_noargs)
                  00002ae4    0000002a     driverlib.lib : gpio.obj (.text:GPIODirModeSet)
                  00002b0e    00000002     --HOLE-- [fill = 0]
                  00002b10    00000020                   : uart.obj (.text:UARTDisable)
                  00002b30    0000001c                   : systick.obj (.text:SysTickIntRegister)
                  00002b4c    00000018                   : gpio.obj (.text:GPIOPinTypeGPIOOutput)
                  00002b64    00000014                   : systick.obj (.text:SysTickEnable)
                  00002b78    00000014                   : systick.obj (.text:SysTickIntEnable)
                  00002b8c    00000014                   : uart.obj (.text:UARTEnable)
                  00002ba0    00000012                   : gpio.obj (.text:GPIOPinTypeGPIOInput)
                  00002bb2    00000012                   : gpio.obj (.text:GPIOPinTypeSSI)
                  00002bc4    00000012                   : gpio.obj (.text:GPIOPinTypeUART)
                  00002bd6    00000002     --HOLE-- [fill = 0]
                  00002bd8    00000010                   : systick.obj (.text:SysTickPeriodSet)
                  00002be8    0000000e                   : timer.obj (.text:TimerEnable)
                  00002bf6    0000000e     rtsv7M4_T_le_v4SPD16_eabi.lib : copy_decompress_none.c.obj (.text:decompress:none:__TI_decompress_none)
                  00002c04    0000000c     driverlib.lib : ssi.obj (.text:SSIDataGet)
                  00002c10    0000000c     rtsv7M4_T_le_v4SPD16_eabi.lib : copy_zero_init.c.obj (.text:decompress:ZI:__TI_zero_init)
                  00002c1c    0000000c     tm4c123gh6pm_startup_ccs.obj (.text)
                  00002c28    0000000a     driverlib.lib : ssi.obj (.text:SSIDataPut)
                  00002c32    0000000a                   : ssi.obj (.text:SSIEnable)
                  00002c3c    0000000a                   : timer.obj (.text:TimerValueGet)
                  00002c46    0000000a                   : uart.obj (.text:UARTCharPut)
                  00002c50    0000000a                   : uart.obj (.text:UARTFIFOEnable)
                  00002c5a    00000008                   : ssi.obj (.text:SSIBusy)
                  00002c62    00000006                   : gpio.obj (.text:GPIOPinRead)
                  00002c68    00000006                   : gpio.obj (.text:GPIOPinWrite)
                  00002c6e    00000006                   : ssi.obj (.text:SSIClockSourceSet)
                  00002c74    00000006                   : sysctl.obj (.text:SysCtlDelay)
                  00002c7a    00000004     rtsv7M4_T_le_v4SPD16_eabi.lib : pre_init.c.obj (.text:_system_pre_init)
                  00002c7e    00000004                                   : exit.c.obj (.text:abort:abort)

.const     0    00002c84    0000049c     
                  00002c84    00000300     ChrFont0.obj (.const:.string:rgbOledFont0)
                  00002f84    00000090     driverlib.lib : gpio.obj (.const:g_pui32GPIOBaseAddrs)
                  00003014    0000006c                   : sysctl.obj (.const:g_pui32Xtals)
                  00003080    00000040     FillPat.obj (.const:.string:rgbFillPat)
                  000030c0    00000030     ustdlib.obj (.const:g_psDaysToMonth)
                  000030f0    00000018     ustdlib.obj (.const:g_pfExponents)
                  00003108    00000012     ustdlib.obj (.const:.string)
                  0000311a    00000002     --HOLE-- [fill = 0]
                  0000311c    00000004     ustdlib.obj (.const)

.cinit     0    00003120    00000040     
                  00003120    0000000c     (__TI_handler_table)
                  0000312c    00000004     --HOLE-- [fill = 0]
                  00003130    00000008     (.cinit..bss.load) [load image, compression = zero_init]
                  00003138    00000008     (.cinit..data.load) [load image, compression = lzss]
                  00003140    00000008     (.cinit..vtable.load) [load image, compression = zero_init]
                  00003148    00000018     (__TI_cinit_table)

.init_array 
*          0    00000000    00000000     UNINITIALIZED

.vtable    0    20000000    0000026c     UNINITIALIZED
                  20000000    0000026c     driverlib.lib : interrupt.obj (.vtable)

.bss       0    2000026c    00000366     UNINITIALIZED
                  2000026c    00000200     (.common:rgbOledBmp)
                  2000046c    00000100     (.common:rgbOledFontUser)
                  2000056c    00000014     (.common:statusStr)
                  20000580    00000004     buttons4.obj (.bss:but_count)
                  20000584    00000004     buttons4.obj (.bss:but_flag)
                  20000588    00000004     buttons4.obj (.bss:but_normal)
                  2000058c    00000004     buttons4.obj (.bss:but_state)
                  20000590    00000004     (.common:bnOledCur)
                  20000594    00000004     (.common:dxcoOledFontCur)
                  20000598    00000004     (.common:dycoOledFontCur)
                  2000059c    00000004     (.common:fOledCharUpdate)
                  200005a0    00000004     (.common:modOledCur)
                  200005a4    00000004     (.common:pbOledCur)
                  200005a8    00000004     (.common:pbOledFontCur)
                  200005ac    00000004     (.common:pbOledFontUser)
                  200005b0    00000004     (.common:pbOledPatCur)
                  200005b4    00000004     (.common:pfnDoRop)
                  200005b8    00000004     (.common:xchOledCur)
                  200005bc    00000004     (.common:xchOledMax)
                  200005c0    00000004     (.common:xcoOledCur)
                  200005c4    00000004     (.common:ychOledCur)
                  200005c8    00000004     (.common:ychOledMax)
                  200005cc    00000004     (.common:ycoOledCur)
                  200005d0    00000001     (.common:clrOledCur)
                  200005d1    00000001     (.common:slowTick)

.stack     0    200005d8    00000200     UNINITIALIZED
                  200005d8    00000004     rtsv7M4_T_le_v4SPD16_eabi.lib : boot_cortex_m.c.obj (.stack)
                  200005dc    000001fc     --HOLE--

.sysmem    0    200007d8    00000100     UNINITIALIZED
                  200007d8    00000010     rtsv7M4_T_le_v4SPD16_eabi.lib : memory.c.obj (.sysmem)
                  200007e8    000000f0     --HOLE--

.data      0    200008d8    00000005     UNINITIALIZED
                  200008d8    00000004     ustdlib.obj (.data)
                  200008dc    00000001     UART.obj (.data)

MODULE SUMMARY

       Module                         code    ro data   rw data
       ------                         ----    -------   -------
    .\
       ustdlib.obj                    3204    94        4      
       tm4c123gh6pm_startup_ccs.obj   12      620       0      
    +--+------------------------------+-------+---------+---------+
       Total:                         3216    714       4      
                                                               
    .\libs\OrbitOLED\
       OrbitOLEDInterface.obj         68      0         0      
    +--+------------------------------+-------+---------+---------+
       Total:                         68      0         0      
                                                               
    .\libs\OrbitOLED\lib_OrbitOled\
       OrbitOledGrph.obj              2384    0         8      
       OrbitOled.obj                  892     0         553    
       OrbitOledChar.obj              516     0         272    
       ChrFont0.obj                   0       768       0      
       delay.obj                      92      0         0      
       FillPat.obj                    0       64        0      
    +--+------------------------------+-------+---------+---------+
       Total:                         3884    832       833    
                                                               
    .\src\
       buttons4.obj                   544     0         16     
       display.obj                    336     0         0      
       uartDemo.obj                   328     0         0      
       UART.obj                       200     0         22     
    +--+------------------------------+-------+---------+---------+
       Total:                         1408    0         38     
                                                               
    C:/ti/tivaware_c_series_2_1_4_178/driverlib/ccs/Debug/driverlib.lib
       sysctl.obj                     574     108       0      
       interrupt.obj                  52      0         620    
       gpio.obj                       510     144       0      
       uart.obj                       142     0         0      
       timer.obj                      120     0         0      
       ssi.obj                        106     0         0      
       systick.obj                    84      0         0      
    +--+------------------------------+-------+---------+---------+
       Total:                         1588    252       620    
                                                               
    C:\ti\ccs930\ccs\tools\compiler\ti-cgt-arm_18.12.4.LTS\lib\rtsv7M4_T_le_v4SPD16_eabi.lib
       memcpy_t2.asm.obj              156     0         0      
       memset_t2.asm.obj              122     0         0      
       copy_decompress_lzss.c.obj     104     0         0      
       autoinit.c.obj                 68      0         0      
       u_divt2.asm.obj                64      0         0      
       boot_cortex_m.c.obj            52      0         0      
       copy_decompress_none.c.obj     14      0         0      
       copy_zero_init.c.obj           12      0         0      
       exit.c.obj                     4       0         0      
       pre_init.c.obj                 4       0         0      
       div0.asm.obj                   2       0         0      
    +--+------------------------------+-------+---------+---------+
       Total:                         602     0         0      
                                                               
       Heap:                          0       0         256    
       Stack:                         0       0         512    
       Linker Generated:              0       60        0      
    +--+------------------------------+-------+---------+---------+
       Grand Total:                   10766   1858      2263   


LINKER GENERATED COPY TABLES

__TI_cinit_table @ 00003148 records: 3, size/record: 8, table size: 24
	.bss: load addr=00003130, load size=00000008 bytes, run addr=2000026c, run size=00000366 bytes, compression=zero_init
	.data: load addr=00003138, load size=00000008 bytes, run addr=200008d8, run size=00000005 bytes, compression=lzss
	.vtable: load addr=00003140, load size=00000008 bytes, run addr=20000000, run size=0000026c bytes, compression=zero_init


LINKER GENERATED HANDLER TABLE

__TI_handler_table @ 00003120 records: 3, size/record: 4, table size: 12
	index: 0, handler: __TI_zero_init
	index: 1, handler: __TI_decompress_lzss
	index: 2, handler: __TI_decompress_none


GLOBAL SYMBOLS: SORTED ALPHABETICALLY BY Name 

address   name                          
-------   ----                          
00002c7f  C$$EXIT                       
00002859  DelayInit                     
00002873  DelayMs                       
00002ae5  GPIODirModeSet                
00002279  GPIOPadConfigSet              
000028b5  GPIOPinConfigure              
00002c63  GPIOPinRead                   
00002ba1  GPIOPinTypeGPIOInput          
00002b4d  GPIOPinTypeGPIOOutput         
00002bb3  GPIOPinTypeSSI                
00002bc5  GPIOPinTypeUART               
00002c69  GPIOPinWrite                  
00002a49  IntRegister                   
0000296b  OLEDInitialise                
00002945  OLEDStringDraw                
00001f75  OrbitOledAdvanceCursor        
000017e1  OrbitOledClampXco             
00001801  OrbitOledClampYco             
00001a1d  OrbitOledClear                
00001a29  OrbitOledClearBuffer          
00001e45  OrbitOledDefUserChar          
00001999  OrbitOledDevInit              
00001623  OrbitOledDrawChar             
00001efd  OrbitOledDrawGlyph            
00000fe7  OrbitOledDrawPixel            
0000112d  OrbitOledDrawRect             
00001683  OrbitOledDrawString           
0000191f  OrbitOledDvrInit              
000011b1  OrbitOledFillRect             
000012f5  OrbitOledGetBmp               
00001ead  OrbitOledGetCharUpdate        
00001e29  OrbitOledGetCursor            
00000fe1  OrbitOledGetDrawMode          
00001013  OrbitOledGetPixel             
00000f37  OrbitOledGetPos               
00000f6b  OrbitOledGetStdPattern        
00001855  OrbitOledHostInit             
00001841  OrbitOledInit                 
0000102d  OrbitOledLineTo               
00001779  OrbitOledMoveDown             
000017af  OrbitOledMoveLeft             
000017c7  OrbitOledMoveRight            
00000ef1  OrbitOledMoveTo               
00001741  OrbitOledMoveUp               
00001455  OrbitOledPutBmp               
00001ab3  OrbitOledPutBuffer            
00001eb3  OrbitOledPutChar              
00001ed1  OrbitOledPutString            
000016ef  OrbitOledRopAnd               
000016cb  OrbitOledRopOr                
000016a1  OrbitOledRopSet               
00001713  OrbitOledRopXor               
00001e95  OrbitOledSetCharUpdate        
00001ddd  OrbitOledSetCursor            
00000f53  OrbitOledSetDrawColor         
00000f8d  OrbitOledSetDrawMode          
00000f7d  OrbitOledSetFillPattern       
00001a59  OrbitOledUpdate               
00002c1d  ResetISR                      
00002c5b  SSIBusy                       
00002c6f  SSIClockSourceSet             
00002a0d  SSIConfigSetExpClk            
00002c05  SSIDataGet                    
00002c29  SSIDataPut                    
00002c33  SSIEnable                     
00001b19  Ssi3PutByte                   
000023ad  SysCtlClockGet                
000024bd  SysCtlClockSet                
00002c75  SysCtlDelay                   
00002a7d  SysCtlPeripheralEnable        
00002b65  SysTickEnable                 
00002b79  SysTickIntEnable              
000025b1  SysTickIntHandler             
00002b31  SysTickIntRegister            
00002bd9  SysTickPeriodSet              
000027f9  TimerConfigure                
00002be9  TimerEnable                   
00002c3d  TimerValueGet                 
00002c47  UARTCharPut                   
000028fd  UARTConfigSetExpClk           
00002b11  UARTDisable                   
00002b8d  UARTEnable                    
00002c51  UARTFIFOEnable                
0000263f  UARTSend                      
200007d8  __STACK_END                   
00000200  __STACK_SIZE                  
200007d8  __STACK_TOP                   
00000100  __SYSMEM_SIZE                 
00003148  __TI_CINIT_Base               
00003160  __TI_CINIT_Limit              
00003120  __TI_Handler_Table_Base       
0000312c  __TI_Handler_Table_Limit      
00002989  __TI_auto_init_nobinit_nopinit
0000278f  __TI_decompress_lzss          
00002bf7  __TI_decompress_none          
ffffffff  __TI_pprof_out_hndl           
ffffffff  __TI_prof_data_size           
ffffffff  __TI_prof_data_start          
00000000  __TI_static_base__            
00002c11  __TI_zero_init                
000023ab  __aeabi_idiv0                 
000023ab  __aeabi_ldiv0                 
00002715  __aeabi_memclr                
00002715  __aeabi_memclr4               
00002715  __aeabi_memclr8               
00002679  __aeabi_memcpy                
00002679  __aeabi_memcpy4               
00002679  __aeabi_memcpy8               
00002717  __aeabi_memset                
00002717  __aeabi_memset4               
00002717  __aeabi_memset8               
000029cd  __aeabi_uidiv                 
000029cd  __aeabi_uidivmod              
ffffffff  __binit__                     
ffffffff  __c_args__                    
UNDEFED   __mpu_init                    
200005d8  __stack                       
00002ab1  _c_int00_noargs               
200007d8  _sys_memory                   
UNDEFED   _system_post_cinit            
00002c7b  _system_pre_init              
00002c7f  abort                         
ffffffff  binit                         
20000590  bnOledCur                     
00001d5f  checkButton                   
200005d0  clrOledCur                    
00001fff  displayAccel                  
00002097  displayButtonState            
00002047  displayMeanVal                
20000594  dxcoOledFontCur               
20000598  dycoOledFontCur               
2000059c  fOledCharUpdate               
20000000  g_pfnRAMVectors               
00000000  g_pfnVectors                  
00001bbd  initButtons                   
00002131  initClock                     
00001fe1  initDisplay                   
000025d9  initIntHandler                
000025f9  initUSB_UART                  
0000213b  main                          
00002679  memcpy                        
0000271d  memset                        
200005a0  modOledCur                    
200005a4  pbOledCur                     
200005a8  pbOledFontCur                 
200005ac  pbOledFontUser                
200005b0  pbOledPatCur                  
200005b4  pfnDoRop                      
00001fe9  printMessage                  
00003080  rgbFillPat                    
2000026c  rgbOledBmp                    
00002c84  rgbOledFont0                  
2000046c  rgbOledFontUser               
200005d1  slowTick                      
2000056c  statusStr                     
00000751  ulocaltime                    
0000094f  umktime                       
00001c8b  updateButtons                 
00000ec9  urand                         
00000721  usnprintf                     
000006ef  usprintf                      
00000eb9  usrand                        
00000e31  ustrcasecmp                   
00000ea5  ustrcmp                       
00000d35  ustrlen                       
00000d8d  ustrncasecmp                  
00000e45  ustrncmp                      
0000026d  ustrncpy                      
00000d57  ustrstr                       
00000afd  ustrtof                       
000009c5  ustrtoul                      
000002c5  uvsnprintf                    
200005b8  xchOledCur                    
200005bc  xchOledMax                    
200005c0  xcoOledCur                    
200005c4  ychOledCur                    
200005c8  ychOledMax                    
200005cc  ycoOledCur                    


GLOBAL SYMBOLS: SORTED BY Symbol Address 

address   name                          
-------   ----                          
00000000  __TI_static_base__            
00000000  g_pfnVectors                  
00000100  __SYSMEM_SIZE                 
00000200  __STACK_SIZE                  
0000026d  ustrncpy                      
000002c5  uvsnprintf                    
000006ef  usprintf                      
00000721  usnprintf                     
00000751  ulocaltime                    
0000094f  umktime                       
000009c5  ustrtoul                      
00000afd  ustrtof                       
00000d35  ustrlen                       
00000d57  ustrstr                       
00000d8d  ustrncasecmp                  
00000e31  ustrcasecmp                   
00000e45  ustrncmp                      
00000ea5  ustrcmp                       
00000eb9  usrand                        
00000ec9  urand                         
00000ef1  OrbitOledMoveTo               
00000f37  OrbitOledGetPos               
00000f53  OrbitOledSetDrawColor         
00000f6b  OrbitOledGetStdPattern        
00000f7d  OrbitOledSetFillPattern       
00000f8d  OrbitOledSetDrawMode          
00000fe1  OrbitOledGetDrawMode          
00000fe7  OrbitOledDrawPixel            
00001013  OrbitOledGetPixel             
0000102d  OrbitOledLineTo               
0000112d  OrbitOledDrawRect             
000011b1  OrbitOledFillRect             
000012f5  OrbitOledGetBmp               
00001455  OrbitOledPutBmp               
00001623  OrbitOledDrawChar             
00001683  OrbitOledDrawString           
000016a1  OrbitOledRopSet               
000016cb  OrbitOledRopOr                
000016ef  OrbitOledRopAnd               
00001713  OrbitOledRopXor               
00001741  OrbitOledMoveUp               
00001779  OrbitOledMoveDown             
000017af  OrbitOledMoveLeft             
000017c7  OrbitOledMoveRight            
000017e1  OrbitOledClampXco             
00001801  OrbitOledClampYco             
00001841  OrbitOledInit                 
00001855  OrbitOledHostInit             
0000191f  OrbitOledDvrInit              
00001999  OrbitOledDevInit              
00001a1d  OrbitOledClear                
00001a29  OrbitOledClearBuffer          
00001a59  OrbitOledUpdate               
00001ab3  OrbitOledPutBuffer            
00001b19  Ssi3PutByte                   
00001bbd  initButtons                   
00001c8b  updateButtons                 
00001d5f  checkButton                   
00001ddd  OrbitOledSetCursor            
00001e29  OrbitOledGetCursor            
00001e45  OrbitOledDefUserChar          
00001e95  OrbitOledSetCharUpdate        
00001ead  OrbitOledGetCharUpdate        
00001eb3  OrbitOledPutChar              
00001ed1  OrbitOledPutString            
00001efd  OrbitOledDrawGlyph            
00001f75  OrbitOledAdvanceCursor        
00001fe1  initDisplay                   
00001fe9  printMessage                  
00001fff  displayAccel                  
00002047  displayMeanVal                
00002097  displayButtonState            
00002131  initClock                     
0000213b  main                          
00002279  GPIOPadConfigSet              
000023ab  __aeabi_idiv0                 
000023ab  __aeabi_ldiv0                 
000023ad  SysCtlClockGet                
000024bd  SysCtlClockSet                
000025b1  SysTickIntHandler             
000025d9  initIntHandler                
000025f9  initUSB_UART                  
0000263f  UARTSend                      
00002679  __aeabi_memcpy                
00002679  __aeabi_memcpy4               
00002679  __aeabi_memcpy8               
00002679  memcpy                        
00002715  __aeabi_memclr                
00002715  __aeabi_memclr4               
00002715  __aeabi_memclr8               
00002717  __aeabi_memset                
00002717  __aeabi_memset4               
00002717  __aeabi_memset8               
0000271d  memset                        
0000278f  __TI_decompress_lzss          
000027f9  TimerConfigure                
00002859  DelayInit                     
00002873  DelayMs                       
000028b5  GPIOPinConfigure              
000028fd  UARTConfigSetExpClk           
00002945  OLEDStringDraw                
0000296b  OLEDInitialise                
00002989  __TI_auto_init_nobinit_nopinit
000029cd  __aeabi_uidiv                 
000029cd  __aeabi_uidivmod              
00002a0d  SSIConfigSetExpClk            
00002a49  IntRegister                   
00002a7d  SysCtlPeripheralEnable        
00002ab1  _c_int00_noargs               
00002ae5  GPIODirModeSet                
00002b11  UARTDisable                   
00002b31  SysTickIntRegister            
00002b4d  GPIOPinTypeGPIOOutput         
00002b65  SysTickEnable                 
00002b79  SysTickIntEnable              
00002b8d  UARTEnable                    
00002ba1  GPIOPinTypeGPIOInput          
00002bb3  GPIOPinTypeSSI                
00002bc5  GPIOPinTypeUART               
00002bd9  SysTickPeriodSet              
00002be9  TimerEnable                   
00002bf7  __TI_decompress_none          
00002c05  SSIDataGet                    
00002c11  __TI_zero_init                
00002c1d  ResetISR                      
00002c29  SSIDataPut                    
00002c33  SSIEnable                     
00002c3d  TimerValueGet                 
00002c47  UARTCharPut                   
00002c51  UARTFIFOEnable                
00002c5b  SSIBusy                       
00002c63  GPIOPinRead                   
00002c69  GPIOPinWrite                  
00002c6f  SSIClockSourceSet             
00002c75  SysCtlDelay                   
00002c7b  _system_pre_init              
00002c7f  C$$EXIT                       
00002c7f  abort                         
00002c84  rgbOledFont0                  
00003080  rgbFillPat                    
00003120  __TI_Handler_Table_Base       
0000312c  __TI_Handler_Table_Limit      
00003148  __TI_CINIT_Base               
00003160  __TI_CINIT_Limit              
20000000  g_pfnRAMVectors               
2000026c  rgbOledBmp                    
2000046c  rgbOledFontUser               
2000056c  statusStr                     
20000590  bnOledCur                     
20000594  dxcoOledFontCur               
20000598  dycoOledFontCur               
2000059c  fOledCharUpdate               
200005a0  modOledCur                    
200005a4  pbOledCur                     
200005a8  pbOledFontCur                 
200005ac  pbOledFontUser                
200005b0  pbOledPatCur                  
200005b4  pfnDoRop                      
200005b8  xchOledCur                    
200005bc  xchOledMax                    
200005c0  xcoOledCur                    
200005c4  ychOledCur                    
200005c8  ychOledMax                    
200005cc  ycoOledCur                    
200005d0  clrOledCur                    
200005d1  slowTick                      
200005d8  __stack                       
200007d8  __STACK_END                   
200007d8  __STACK_TOP                   
200007d8  _sys_memory                   
ffffffff  __TI_pprof_out_hndl           
ffffffff  __TI_prof_data_size           
ffffffff  __TI_prof_data_start          
ffffffff  __binit__                     
ffffffff  __c_args__                    
ffffffff  binit                         
UNDEFED   __mpu_init                    
UNDEFED   _system_post_cinit            

[178 symbols]
