******************************************************************************
                  TI ARM Linker PC v18.12.4                    
******************************************************************************
>> Linked Mon Mar  9 22:09:00 2020

OUTPUT FILE NAME:   <Lab_2.out>
ENTRY POINT SYMBOL: "_c_int00_noargs"  address: 00002d2d


MEMORY CONFIGURATION

         name            origin    length      used     unused   attr    fill
----------------------  --------  ---------  --------  --------  ----  --------
  FLASH                 00000000   00040000  00003398  0003cc68  R  X
  SRAM                  20000000   00008000  00000545  00007abb  RW X


SEGMENT ALLOCATION MAP

run origin  load origin   length   init length attrs members
----------  ----------- ---------- ----------- ----- -------
00000000    00000000    00003398   00003398    r-x
  00000000    00000000    0000026c   0000026c    r-- .intvecs
  0000026c    0000026c    00002c60   00002c60    r-x .text
  00002ecc    00002ecc    0000049c   0000049c    r-- .const
  00003368    00003368    00000030   00000030    r-- .cinit
20000000    20000000    00000548   00000000    rw-
  20000000    20000000    00000341   00000000    rw- .bss
  20000344    20000344    00000004   00000000    rw- .data
  20000348    20000348    00000200   00000000    rw- .stack


SECTION ALLOCATION MAP

 output                                  attributes/
section   page    origin      length       input sections
--------  ----  ----------  ----------   ----------------
.intvecs   0    00000000    0000026c     
                  00000000    0000026c     tm4c123gh6pm_startup_ccs.obj (.intvecs)

.text      0    0000026c    00002c60     
                  0000026c    00000c84     ustdlib.obj (.text)
                  00000ef0    00000950     OrbitOledGrph.obj (.text)
                  00001840    0000037c     OrbitOled.obj (.text)
                  00001bbc    000002d0     acc.obj (.text)
                  00001e8c    00000204     OrbitOledChar.obj (.text)
                  00002090    00000204     i2c_driver.obj (.text)
                  00002294    00000136     rtsv7M4_T_le_v4SPD16_eabi.lib : fd_div_t2.asm.obj (.text)
                  000023ca    00000132     driverlib.lib : gpio.obj (.text:GPIOPadConfigSet)
                  000024fc    00000110                   : sysctl.obj (.text:SysCtlClockGet)
                  0000260c    000000f4                   : sysctl.obj (.text:SysCtlClockSet)
                  00002700    000000a8     readAcc4.obj (.text)
                  000027a8    0000009c     rtsv7M4_T_le_v4SPD16_eabi.lib : memcpy_t2.asm.obj (.text)
                  00002844    00000086     display.obj (.text)
                  000028ca    0000007a     rtsv7M4_T_le_v4SPD16_eabi.lib : memset_t2.asm.obj (.text)
                  00002944    0000006e                                   : fd_tos_t2.asm.obj (.text)
                  000029b2    00000068                                   : copy_decompress_lzss.c.obj (.text:decompress:lzss:__TI_decompress_lzss)
                  00002a1a    00000002                                   : div0.asm.obj (.text)
                  00002a1c    00000060     driverlib.lib : timer.obj (.text:TimerConfigure)
                  00002a7c    0000005c     delay.obj (.text)
                  00002ad8    00000050     driverlib.lib : sysctl.obj (.text:SysCtlPeripheralReset)
                  00002b28    0000004c                   : i2c.obj (.text:I2CMasterInitExpClk)
                  00002b74    00000048                   : gpio.obj (.text:GPIOPinConfigure)
                  00002bbc    00000044     OrbitOLEDInterface.obj (.text)
                  00002c00    00000044     rtsv7M4_T_le_v4SPD16_eabi.lib : autoinit.c.obj (.text:__TI_auto_init_nobinit_nopinit:__TI_auto_init_nobinit_nopinit)
                  00002c44    00000040                                   : u_divt2.asm.obj (.text)
                  00002c84    0000003c     driverlib.lib : ssi.obj (.text:SSIConfigSetExpClk)
                  00002cc0    00000038     rtsv7M4_T_le_v4SPD16_eabi.lib : fs_tod_t2.asm.obj (.text)
                  00002cf8    00000034     driverlib.lib : sysctl.obj (.text:SysCtlPeripheralEnable)
                  00002d2c    00000034     rtsv7M4_T_le_v4SPD16_eabi.lib : boot_cortex_m.c.obj (.text:_c_int00_noargs:_c_int00_noargs)
                  00002d60    0000002a     driverlib.lib : gpio.obj (.text:GPIODirModeSet)
                  00002d8a    00000024     delay.obj (.text)
                  00002dae    0000001c     rtsv7M4_T_le_v4SPD16_eabi.lib : copy_zero_init.c.obj (.text:decompress:ZI:__TI_zero_init_nomemset:__TI_zero_init_nomemset)
                  00002dca    00000018     driverlib.lib : gpio.obj (.text:GPIOPinTypeGPIOOutput)
                  00002de2    00000012                   : gpio.obj (.text:GPIOPinTypeGPIOInput)
                  00002df4    00000012                   : gpio.obj (.text:GPIOPinTypeI2C)
                  00002e06    00000012                   : gpio.obj (.text:GPIOPinTypeI2CSCL)
                  00002e18    00000012                   : gpio.obj (.text:GPIOPinTypeSSI)
                  00002e2a    0000000e                   : timer.obj (.text:TimerEnable)
                  00002e38    0000000e     rtsv7M4_T_le_v4SPD16_eabi.lib : copy_decompress_none.c.obj (.text:decompress:none:__TI_decompress_none)
                  00002e46    0000000c     driverlib.lib : ssi.obj (.text:SSIDataGet)
                  00002e52    0000000c     tm4c123gh6pm_startup_ccs.obj (.text)
                  00002e5e    0000000a     driverlib.lib : i2c.obj (.text:I2CMasterEnable)
                  00002e68    0000000a                   : ssi.obj (.text:SSIDataPut)
                  00002e72    0000000a                   : ssi.obj (.text:SSIEnable)
                  00002e7c    0000000a                   : timer.obj (.text:TimerValueGet)
                  00002e86    00000008                   : i2c.obj (.text:I2CMasterBusBusy)
                  00002e8e    00000008                   : i2c.obj (.text:I2CMasterBusy)
                  00002e96    00000008                   : i2c.obj (.text:I2CMasterSlaveAddrSet)
                  00002e9e    00000008                   : ssi.obj (.text:SSIBusy)
                  00002ea6    00000006                   : gpio.obj (.text:GPIOPinWrite)
                  00002eac    00000006                   : ssi.obj (.text:SSIClockSourceSet)
                  00002eb2    00000006                   : sysctl.obj (.text:SysCtlDelay)
                  00002eb8    00000004                   : i2c.obj (.text:I2CMasterControl)
                  00002ebc    00000004                   : i2c.obj (.text:I2CMasterDataGet)
                  00002ec0    00000004                   : i2c.obj (.text:I2CMasterDataPut)
                  00002ec4    00000004     rtsv7M4_T_le_v4SPD16_eabi.lib : pre_init.c.obj (.text:_system_pre_init)
                  00002ec8    00000004                                   : exit.c.obj (.text:abort:abort)

.const     0    00002ecc    0000049c     
                  00002ecc    00000300     ChrFont0.obj (.const:.string:rgbOledFont0)
                  000031cc    00000090     driverlib.lib : gpio.obj (.const:g_pui32GPIOBaseAddrs)
                  0000325c    0000006c                   : sysctl.obj (.const:g_pui32Xtals)
                  000032c8    00000040     FillPat.obj (.const:.string:rgbFillPat)
                  00003308    00000030     ustdlib.obj (.const:g_psDaysToMonth)
                  00003338    00000018     ustdlib.obj (.const:g_pfExponents)
                  00003350    00000012     ustdlib.obj (.const:.string)
                  00003362    00000002     --HOLE-- [fill = 0]
                  00003364    00000004     ustdlib.obj (.const)

.cinit     0    00003368    00000030     
                  00003368    0000000c     (__TI_handler_table)
                  00003374    00000004     --HOLE-- [fill = 0]
                  00003378    00000008     (.cinit..bss.load) [load image, compression = zero_init]
                  00003380    00000008     (.cinit..data.load) [load image, compression = lzss]
                  00003388    00000010     (__TI_cinit_table)

.init_array 
*          0    00000000    00000000     UNINITIALIZED

.bss       0    20000000    00000341     UNINITIALIZED
                  20000000    00000200     (.common:rgbOledBmp)
                  20000200    00000100     (.common:rgbOledFontUser)
                  20000300    00000004     (.common:bnOledCur)
                  20000304    00000004     (.common:dxcoOledFontCur)
                  20000308    00000004     (.common:dycoOledFontCur)
                  2000030c    00000004     (.common:fOledCharUpdate)
                  20000310    00000004     (.common:modOledCur)
                  20000314    00000004     (.common:pbOledCur)
                  20000318    00000004     (.common:pbOledFontCur)
                  2000031c    00000004     (.common:pbOledFontUser)
                  20000320    00000004     (.common:pbOledPatCur)
                  20000324    00000004     (.common:pfnDoRop)
                  20000328    00000004     (.common:xchOledCur)
                  2000032c    00000004     (.common:xchOledMax)
                  20000330    00000004     (.common:xcoOledCur)
                  20000334    00000004     (.common:ychOledCur)
                  20000338    00000004     (.common:ychOledMax)
                  2000033c    00000004     (.common:ycoOledCur)
                  20000340    00000001     (.common:clrOledCur)

.data      0    20000344    00000004     UNINITIALIZED
                  20000344    00000004     ustdlib.obj (.data)

.stack     0    20000348    00000200     UNINITIALIZED
                  20000348    00000004     rtsv7M4_T_le_v4SPD16_eabi.lib : boot_cortex_m.c.obj (.stack)
                  2000034c    000001fc     --HOLE--

MODULE SUMMARY

       Module                         code    ro data   rw data
       ------                         ----    -------   -------
    .\
       ustdlib.obj                    3204    94        4      
       tm4c123gh6pm_startup_ccs.obj   12      620       0      
    +--+------------------------------+-------+---------+---------+
       Total:                         3216    714       4      
                                                               
    .\libs\OrbitOLED\
       OrbitOLEDInterface.obj         68      0         0      
    +--+------------------------------+-------+---------+---------+
       Total:                         68      0         0      
                                                               
    .\libs\OrbitOLED\lib_OrbitOled\
       OrbitOledGrph.obj              2384    0         8      
       OrbitOled.obj                  892     0         553    
       OrbitOledChar.obj              516     0         272    
       ChrFont0.obj                   0       768       0      
       delay.obj                      92      0         0      
       FillPat.obj                    0       64        0      
    +--+------------------------------+-------+---------+---------+
       Total:                         3884    832       833    
                                                               
    .\src\
       acc.obj                        720     0         0      
       i2c_driver.obj                 516     0         0      
       readAcc4.obj                   168     0         0      
       display.obj                    134     0         0      
       delay.obj                      36      0         0      
    +--+------------------------------+-------+---------+---------+
       Total:                         1574    0         0      
                                                               
    C:/ti/tivaware_c_series_2_1_4_178/driverlib/ccs/Debug/driverlib.lib
       sysctl.obj                     654     108       0      
       gpio.obj                       522     144       0      
       i2c.obj                        122     0         0      
       timer.obj                      120     0         0      
       ssi.obj                        106     0         0      
    +--+------------------------------+-------+---------+---------+
       Total:                         1524    252       0      
                                                               
    C:\ti\ccs930\ccs\tools\compiler\ti-cgt-arm_18.12.4.LTS\lib\rtsv7M4_T_le_v4SPD16_eabi.lib
       fd_div_t2.asm.obj              310     0         0      
       memcpy_t2.asm.obj              156     0         0      
       memset_t2.asm.obj              122     0         0      
       fd_tos_t2.asm.obj              110     0         0      
       copy_decompress_lzss.c.obj     104     0         0      
       autoinit.c.obj                 68      0         0      
       u_divt2.asm.obj                64      0         0      
       fs_tod_t2.asm.obj              56      0         0      
       boot_cortex_m.c.obj            52      0         0      
       copy_zero_init.c.obj           28      0         0      
       copy_decompress_none.c.obj     14      0         0      
       exit.c.obj                     4       0         0      
       pre_init.c.obj                 4       0         0      
       div0.asm.obj                   2       0         0      
    +--+------------------------------+-------+---------+---------+
       Total:                         1094    0         0      
                                                               
       Stack:                         0       0         512    
       Linker Generated:              0       44        0      
    +--+------------------------------+-------+---------+---------+
       Grand Total:                   11360   1842      1349   


LINKER GENERATED COPY TABLES

__TI_cinit_table @ 00003388 records: 2, size/record: 8, table size: 16
	.bss: load addr=00003378, load size=00000008 bytes, run addr=20000000, run size=00000341 bytes, compression=zero_init
	.data: load addr=00003380, load size=00000008 bytes, run addr=20000344, run size=00000004 bytes, compression=lzss


LINKER GENERATED HANDLER TABLE

__TI_handler_table @ 00003368 records: 3, size/record: 4, table size: 12
	index: 0, handler: __TI_decompress_lzss
	index: 1, handler: __TI_decompress_none
	index: 2, handler: __TI_zero_init


GLOBAL SYMBOLS: SORTED ALPHABETICALLY BY Name 

address   name                          
-------   ----                          
00002ec9  C$$EXIT                       
00002a7d  DelayInit                     
00002a97  DelayMs                       
00002091  Delay_us                      
00002d61  GPIODirModeSet                
000023cb  GPIOPadConfigSet              
00002b75  GPIOPinConfigure              
00002de3  GPIOPinTypeGPIOInput          
00002dcb  GPIOPinTypeGPIOOutput         
00002df5  GPIOPinTypeI2C                
00002e07  GPIOPinTypeI2CSCL             
00002e19  GPIOPinTypeSSI                
00002ea7  GPIOPinWrite                  
00002273  I2CGenIsNotIdle               
000020c3  I2CGenTransmit                
00002e87  I2CMasterBusBusy              
00002e8f  I2CMasterBusy                 
00002eb9  I2CMasterControl              
00002ebd  I2CMasterDataGet              
00002ec1  I2CMasterDataPut              
00002e5f  I2CMasterEnable               
00002b29  I2CMasterInitExpClk           
00002e97  I2CMasterSlaveAddrSet         
00002be3  OLEDInitialise                
00002bbd  OLEDStringDraw                
00002025  OrbitOledAdvanceCursor        
000017e1  OrbitOledClampXco             
00001801  OrbitOledClampYco             
00001a1d  OrbitOledClear                
00001a29  OrbitOledClearBuffer          
00001ef5  OrbitOledDefUserChar          
00001999  OrbitOledDevInit              
00001623  OrbitOledDrawChar             
00001fad  OrbitOledDrawGlyph            
00000fe7  OrbitOledDrawPixel            
0000112d  OrbitOledDrawRect             
00001683  OrbitOledDrawString           
0000191f  OrbitOledDvrInit              
000011b1  OrbitOledFillRect             
000012f5  OrbitOledGetBmp               
00001f5d  OrbitOledGetCharUpdate        
00001ed9  OrbitOledGetCursor            
00000fe1  OrbitOledGetDrawMode          
00001013  OrbitOledGetPixel             
00000f37  OrbitOledGetPos               
00000f6b  OrbitOledGetStdPattern        
00001855  OrbitOledHostInit             
00001841  OrbitOledInit                 
0000102d  OrbitOledLineTo               
00001779  OrbitOledMoveDown             
000017af  OrbitOledMoveLeft             
000017c7  OrbitOledMoveRight            
00000ef1  OrbitOledMoveTo               
00001741  OrbitOledMoveUp               
00001455  OrbitOledPutBmp               
00001ab3  OrbitOledPutBuffer            
00001f63  OrbitOledPutChar              
00001f81  OrbitOledPutString            
000016ef  OrbitOledRopAnd               
000016cb  OrbitOledRopOr                
000016a1  OrbitOledRopSet               
00001713  OrbitOledRopXor               
00001f45  OrbitOledSetCharUpdate        
00001e8d  OrbitOledSetCursor            
00000f53  OrbitOledSetDrawColor         
00000f8d  OrbitOledSetDrawMode          
00000f7d  OrbitOledSetFillPattern       
00001a59  OrbitOledUpdate               
00002e53  ResetISR                      
00002e9f  SSIBusy                       
00002ead  SSIClockSourceSet             
00002c85  SSIConfigSetExpClk            
00002e47  SSIDataGet                    
00002e69  SSIDataPut                    
00002e73  SSIEnable                     
00001b19  Ssi3PutByte                   
000024fd  SysCtlClockGet                
0000260d  SysCtlClockSet                
00002eb3  SysCtlDelay                   
00002cf9  SysCtlPeripheralEnable        
00002ad9  SysCtlPeripheralReset         
00002a1d  TimerConfigure                
00002e2b  TimerEnable                   
00002e7d  TimerValueGet                 
20000548  __STACK_END                   
00000200  __STACK_SIZE                  
20000548  __STACK_TOP                   
00003388  __TI_CINIT_Base               
00003398  __TI_CINIT_Limit              
00003368  __TI_Handler_Table_Base       
00003374  __TI_Handler_Table_Limit      
00002c01  __TI_auto_init_nobinit_nopinit
000029b3  __TI_decompress_lzss          
00002e39  __TI_decompress_none          
ffffffff  __TI_pprof_out_hndl           
ffffffff  __TI_prof_data_size           
ffffffff  __TI_prof_data_start          
00000000  __TI_static_base__            
00002daf  __TI_zero_init_nomemset       
00002945  __aeabi_d2f                   
00002295  __aeabi_ddiv                  
00002cc1  __aeabi_f2d                   
00002a1b  __aeabi_idiv0                 
00002a1b  __aeabi_ldiv0                 
000028cb  __aeabi_memclr                
000028cb  __aeabi_memclr4               
000028cb  __aeabi_memclr8               
000027a9  __aeabi_memcpy                
000027a9  __aeabi_memcpy4               
000027a9  __aeabi_memcpy8               
000028cd  __aeabi_memset                
000028cd  __aeabi_memset4               
000028cd  __aeabi_memset8               
00002c45  __aeabi_uidiv                 
00002c45  __aeabi_uidivmod              
ffffffff  __binit__                     
ffffffff  __c_args__                    
UNDEFED   __mpu_init                    
20000348  __stack                       
00002d2d  _c_int00_noargs               
UNDEFED   _system_post_cinit            
00002ec5  _system_pre_init              
00002ec9  abort                         
ffffffff  binit                         
20000300  bnOledCur                     
20000340  clrOledCur                    
00002d9d  delayMicro                    
00002d8b  delayMilli                    
20000304  dxcoOledFontCur               
20000308  dycoOledFontCur               
2000030c  fOledCharUpdate               
00000000  g_pfnVectors                  
00001d2d  getAccelData                  
00001dbd  getAccelPer                   
00001cc1  getAcclRawData                
00001bbd  initAccl                      
00002701  initClock                     
00002845  initDisplay                   
00001c73  initI2C                       
0000270b  main                          
000027a9  memcpy                        
000028d3  memset                        
20000310  modOledCur                    
20000314  pbOledCur                     
20000318  pbOledFontCur                 
2000031c  pbOledFontUser                
20000320  pbOledPatCur                  
20000324  pfnDoRop                      
00002863  printDisplay                  
0000284d  printMessage                  
000032c8  rgbFillPat                    
20000000  rgbOledBmp                    
00002ecc  rgbOledFont0                  
20000200  rgbOledFontUser               
00000751  ulocaltime                    
0000094f  umktime                       
00000ec9  urand                         
00000721  usnprintf                     
000006ef  usprintf                      
00000eb9  usrand                        
00000e31  ustrcasecmp                   
00000ea5  ustrcmp                       
00000d35  ustrlen                       
00000d8d  ustrncasecmp                  
00000e45  ustrncmp                      
0000026d  ustrncpy                      
00000d57  ustrstr                       
00000afd  ustrtof                       
000009c5  ustrtoul                      
000002c5  uvsnprintf                    
20000328  xchOledCur                    
2000032c  xchOledMax                    
20000330  xcoOledCur                    
20000334  ychOledCur                    
20000338  ychOledMax                    
2000033c  ycoOledCur                    


GLOBAL SYMBOLS: SORTED BY Symbol Address 

address   name                          
-------   ----                          
00000000  __TI_static_base__            
00000000  g_pfnVectors                  
00000200  __STACK_SIZE                  
0000026d  ustrncpy                      
000002c5  uvsnprintf                    
000006ef  usprintf                      
00000721  usnprintf                     
00000751  ulocaltime                    
0000094f  umktime                       
000009c5  ustrtoul                      
00000afd  ustrtof                       
00000d35  ustrlen                       
00000d57  ustrstr                       
00000d8d  ustrncasecmp                  
00000e31  ustrcasecmp                   
00000e45  ustrncmp                      
00000ea5  ustrcmp                       
00000eb9  usrand                        
00000ec9  urand                         
00000ef1  OrbitOledMoveTo               
00000f37  OrbitOledGetPos               
00000f53  OrbitOledSetDrawColor         
00000f6b  OrbitOledGetStdPattern        
00000f7d  OrbitOledSetFillPattern       
00000f8d  OrbitOledSetDrawMode          
00000fe1  OrbitOledGetDrawMode          
00000fe7  OrbitOledDrawPixel            
00001013  OrbitOledGetPixel             
0000102d  OrbitOledLineTo               
0000112d  OrbitOledDrawRect             
000011b1  OrbitOledFillRect             
000012f5  OrbitOledGetBmp               
00001455  OrbitOledPutBmp               
00001623  OrbitOledDrawChar             
00001683  OrbitOledDrawString           
000016a1  OrbitOledRopSet               
000016cb  OrbitOledRopOr                
000016ef  OrbitOledRopAnd               
00001713  OrbitOledRopXor               
00001741  OrbitOledMoveUp               
00001779  OrbitOledMoveDown             
000017af  OrbitOledMoveLeft             
000017c7  OrbitOledMoveRight            
000017e1  OrbitOledClampXco             
00001801  OrbitOledClampYco             
00001841  OrbitOledInit                 
00001855  OrbitOledHostInit             
0000191f  OrbitOledDvrInit              
00001999  OrbitOledDevInit              
00001a1d  OrbitOledClear                
00001a29  OrbitOledClearBuffer          
00001a59  OrbitOledUpdate               
00001ab3  OrbitOledPutBuffer            
00001b19  Ssi3PutByte                   
00001bbd  initAccl                      
00001c73  initI2C                       
00001cc1  getAcclRawData                
00001d2d  getAccelData                  
00001dbd  getAccelPer                   
00001e8d  OrbitOledSetCursor            
00001ed9  OrbitOledGetCursor            
00001ef5  OrbitOledDefUserChar          
00001f45  OrbitOledSetCharUpdate        
00001f5d  OrbitOledGetCharUpdate        
00001f63  OrbitOledPutChar              
00001f81  OrbitOledPutString            
00001fad  OrbitOledDrawGlyph            
00002025  OrbitOledAdvanceCursor        
00002091  Delay_us                      
000020c3  I2CGenTransmit                
00002273  I2CGenIsNotIdle               
00002295  __aeabi_ddiv                  
000023cb  GPIOPadConfigSet              
000024fd  SysCtlClockGet                
0000260d  SysCtlClockSet                
00002701  initClock                     
0000270b  main                          
000027a9  __aeabi_memcpy                
000027a9  __aeabi_memcpy4               
000027a9  __aeabi_memcpy8               
000027a9  memcpy                        
00002845  initDisplay                   
0000284d  printMessage                  
00002863  printDisplay                  
000028cb  __aeabi_memclr                
000028cb  __aeabi_memclr4               
000028cb  __aeabi_memclr8               
000028cd  __aeabi_memset                
000028cd  __aeabi_memset4               
000028cd  __aeabi_memset8               
000028d3  memset                        
00002945  __aeabi_d2f                   
000029b3  __TI_decompress_lzss          
00002a1b  __aeabi_idiv0                 
00002a1b  __aeabi_ldiv0                 
00002a1d  TimerConfigure                
00002a7d  DelayInit                     
00002a97  DelayMs                       
00002ad9  SysCtlPeripheralReset         
00002b29  I2CMasterInitExpClk           
00002b75  GPIOPinConfigure              
00002bbd  OLEDStringDraw                
00002be3  OLEDInitialise                
00002c01  __TI_auto_init_nobinit_nopinit
00002c45  __aeabi_uidiv                 
00002c45  __aeabi_uidivmod              
00002c85  SSIConfigSetExpClk            
00002cc1  __aeabi_f2d                   
00002cf9  SysCtlPeripheralEnable        
00002d2d  _c_int00_noargs               
00002d61  GPIODirModeSet                
00002d8b  delayMilli                    
00002d9d  delayMicro                    
00002daf  __TI_zero_init_nomemset       
00002dcb  GPIOPinTypeGPIOOutput         
00002de3  GPIOPinTypeGPIOInput          
00002df5  GPIOPinTypeI2C                
00002e07  GPIOPinTypeI2CSCL             
00002e19  GPIOPinTypeSSI                
00002e2b  TimerEnable                   
00002e39  __TI_decompress_none          
00002e47  SSIDataGet                    
00002e53  ResetISR                      
00002e5f  I2CMasterEnable               
00002e69  SSIDataPut                    
00002e73  SSIEnable                     
00002e7d  TimerValueGet                 
00002e87  I2CMasterBusBusy              
00002e8f  I2CMasterBusy                 
00002e97  I2CMasterSlaveAddrSet         
00002e9f  SSIBusy                       
00002ea7  GPIOPinWrite                  
00002ead  SSIClockSourceSet             
00002eb3  SysCtlDelay                   
00002eb9  I2CMasterControl              
00002ebd  I2CMasterDataGet              
00002ec1  I2CMasterDataPut              
00002ec5  _system_pre_init              
00002ec9  C$$EXIT                       
00002ec9  abort                         
00002ecc  rgbOledFont0                  
000032c8  rgbFillPat                    
00003368  __TI_Handler_Table_Base       
00003374  __TI_Handler_Table_Limit      
00003388  __TI_CINIT_Base               
00003398  __TI_CINIT_Limit              
20000000  rgbOledBmp                    
20000200  rgbOledFontUser               
20000300  bnOledCur                     
20000304  dxcoOledFontCur               
20000308  dycoOledFontCur               
2000030c  fOledCharUpdate               
20000310  modOledCur                    
20000314  pbOledCur                     
20000318  pbOledFontCur                 
2000031c  pbOledFontUser                
20000320  pbOledPatCur                  
20000324  pfnDoRop                      
20000328  xchOledCur                    
2000032c  xchOledMax                    
20000330  xcoOledCur                    
20000334  ychOledCur                    
20000338  ychOledMax                    
2000033c  ycoOledCur                    
20000340  clrOledCur                    
20000348  __stack                       
20000548  __STACK_END                   
20000548  __STACK_TOP                   
ffffffff  __TI_pprof_out_hndl           
ffffffff  __TI_prof_data_size           
ffffffff  __TI_prof_data_start          
ffffffff  __binit__                     
ffffffff  __c_args__                    
ffffffff  binit                         
UNDEFED   __mpu_init                    
UNDEFED   _system_post_cinit            

[176 symbols]
