******************************************************************************
                  TI ARM Linker PC v18.12.4                    
******************************************************************************
>> Linked Mon Apr 20 10:49:37 2020

OUTPUT FILE NAME:   <Blink.out>
ENTRY POINT SYMBOL: "_c_int00_noinit_noargs"  address: 000005c9


MEMORY CONFIGURATION

         name            origin    length      used     unused   attr    fill
----------------------  --------  ---------  --------  --------  ----  --------
  FLASH                 00000000   00040000  00000644  0003f9bc  R  X
  SRAM                  20000000   00008000  00000200  00007e00  RW X


SEGMENT ALLOCATION MAP

run origin  load origin   length   init length attrs members
----------  ----------- ---------- ----------- ----- -------
00000000    00000000    00000644   00000644    r-x
  00000000    00000000    0000026c   0000026c    r-- .intvecs
  0000026c    0000026c    000003d8   000003d8    r-x .text
20000000    20000000    00000200   00000000    rw-
  20000000    20000000    00000200   00000000    rw- .stack


SECTION ALLOCATION MAP

 output                                  attributes/
section   page    origin      length       input sections
--------  ----  ----------  ----------   ----------------
.intvecs   0    00000000    0000026c     
                  00000000    0000026c     tm4c123gh6pm_startup_ccs.obj (.intvecs)

.text      0    0000026c    000003d8     
                  0000026c    00000132     driverlib.lib : gpio.obj (.text:GPIOPadConfigSet)
                  0000039e    00000002     --HOLE-- [fill = 0]
                  000003a0    000000f4                   : sysctl.obj (.text:SysCtlClockSet)
                  00000494    00000094     Peripherals.obj (.text)
                  00000528    0000006c     PressToBlink.obj (.text)
                  00000594    00000034     driverlib.lib : sysctl.obj (.text:SysCtlPeripheralEnable)
                  000005c8    0000002c     rtsv7M4_T_le_v4SPD16_eabi.lib : boot_cortex_m.c.obj (.text:_c_int00_noinit_noargs:_c_int00_noinit_noargs)
                  000005f4    0000002a     driverlib.lib : gpio.obj (.text:GPIODirModeSet)
                  0000061e    0000000c     tm4c123gh6pm_startup_ccs.obj (.text)
                  0000062a    00000006     driverlib.lib : gpio.obj (.text:GPIOPinRead)
                  00000630    00000006                   : gpio.obj (.text:GPIOPinWrite)
                  00000636    00000006                   : sysctl.obj (.text:SysCtlDelay)
                  0000063c    00000004     rtsv7M4_T_le_v4SPD16_eabi.lib : pre_init.c.obj (.text:_system_pre_init)
                  00000640    00000004                                   : exit.c.obj (.text:abort:abort)

.cinit     0    00000000    00000000     UNINITIALIZED

.init_array 
*          0    00000000    00000000     UNINITIALIZED

.stack     0    20000000    00000200     UNINITIALIZED
                  20000000    00000004     rtsv7M4_T_le_v4SPD16_eabi.lib : boot_cortex_m.c.obj (.stack)
                  20000004    000001fc     --HOLE--

MODULE SUMMARY

       Module                         code   ro data   rw data
       ------                         ----   -------   -------
    .\
       tm4c123gh6pm_startup_ccs.obj   12     620       0      
    +--+------------------------------+------+---------+---------+
       Total:                         12     620       0      
                                                              
    .\src\
       Peripherals.obj                148    0         0      
       PressToBlink.obj               108    0         0      
    +--+------------------------------+------+---------+---------+
       Total:                         256    0         0      
                                                              
    C:/ti/tivaware_c_series_2_1_4_178/driverlib/ccs/Debug/driverlib.lib
       gpio.obj                       360    0         0      
       sysctl.obj                     302    0         0      
    +--+------------------------------+------+---------+---------+
       Total:                         662    0         0      
                                                              
    C:\ti\ccs930\ccs\tools\compiler\ti-cgt-arm_18.12.4.LTS\lib\rtsv7M4_T_le_v4SPD16_eabi.lib
       boot_cortex_m.c.obj            44     0         0      
       exit.c.obj                     4      0         0      
       pre_init.c.obj                 4      0         0      
    +--+------------------------------+------+---------+---------+
       Total:                         52     0         0      
                                                              
       Stack:                         0      0         512    
    +--+------------------------------+------+---------+---------+
       Grand Total:                   982    620       512    


GLOBAL SYMBOLS: SORTED ALPHABETICALLY BY Name 

address   name                  
-------   ----                  
00000641  C$$EXIT               
000005f5  GPIODirModeSet        
0000026d  GPIOPadConfigSet      
0000062b  GPIOPinRead           
00000631  GPIOPinWrite          
0000061f  ResetISR              
000003a1  SysCtlClockSet        
00000637  SysCtlDelay           
00000595  SysCtlPeripheralEnable
20000200  __STACK_END           
00000200  __STACK_SIZE          
20000200  __STACK_TOP           
ffffffff  __TI_pprof_out_hndl   
ffffffff  __TI_prof_data_size   
ffffffff  __TI_prof_data_start  
00000000  __TI_static_base__    
ffffffff  __binit__             
ffffffff  __c_args__            
UNDEFED   __mpu_init            
20000000  __stack               
000005c9  _c_int00_noinit_noargs
0000063d  _system_pre_init      
00000641  abort                 
ffffffff  binit                 
00000000  g_pfnVectors          
00000529  init                  
0000049f  initLED               
00000495  initPeripherals       
000004cf  initSwitch            
0000054f  main                  
000004f3  pinRead               
00000507  pinWrite              


GLOBAL SYMBOLS: SORTED BY Symbol Address 

address   name                  
-------   ----                  
00000000  __TI_static_base__    
00000000  g_pfnVectors          
00000200  __STACK_SIZE          
0000026d  GPIOPadConfigSet      
000003a1  SysCtlClockSet        
00000495  initPeripherals       
0000049f  initLED               
000004cf  initSwitch            
000004f3  pinRead               
00000507  pinWrite              
00000529  init                  
0000054f  main                  
00000595  SysCtlPeripheralEnable
000005c9  _c_int00_noinit_noargs
000005f5  GPIODirModeSet        
0000061f  ResetISR              
0000062b  GPIOPinRead           
00000631  GPIOPinWrite          
00000637  SysCtlDelay           
0000063d  _system_pre_init      
00000641  C$$EXIT               
00000641  abort                 
20000000  __stack               
20000200  __STACK_END           
20000200  __STACK_TOP           
ffffffff  __TI_pprof_out_hndl   
ffffffff  __TI_prof_data_size   
ffffffff  __TI_prof_data_start  
ffffffff  __binit__             
ffffffff  __c_args__            
ffffffff  binit                 
UNDEFED   __mpu_init            

[32 symbols]
